// Jest Snapshot v1, https://goo.gl/fbAQLP

exports[`<App /> renders correctly 1`] = `
<BrowserRouter>
  <Navigation />
  <ContextProvider
    value={
      Object {
        "currencies": Array [],
        "showErrors": [Function],
      }
    }
  >
    <Container
      as="div"
      fluid={false}
    >
      <Errors
        messages={Array []}
      />
      <Route
        component={[Function]}
        exact={true}
        path="/"
      />
      <Route
        component={[Function]}
        path="/editor"
      />
      <Route
        component={[Function]}
        path="/calculator"
      />
    </Container>
  </ContextProvider>
</BrowserRouter>
`;
